[flexiblog-personal.web.app/index.html]
[backblue.gif]
[fade.gif]
[index.html]
[flexiblog-personal.web.app/styles.317ce706624391eb6cd8.css]
[flexiblog-personal.web.app/favicon-32x32.png]
[flexiblog-personal.web.app/manifest.webmanifest]
[flexiblog-personal.web.app/icons/icon-48x48.png]
[flexiblog-personal.web.app/icons/icon-72x72.png]
[flexiblog-personal.web.app/icons/icon-96x96.png]
[flexiblog-personal.web.app/icons/icon-144x144.png]
[flexiblog-personal.web.app/icons/icon-192x192.png]
[flexiblog-personal.web.app/icons/icon-256x256.png]
[flexiblog-personal.web.app/icons/icon-384x384.png]
[flexiblog-personal.web.app/icons/icon-512x512.png]
[flexiblog-personal.web.app/webpack-runtime-d85483f4159c64192461.js]
[flexiblog-personal.web.app/framework-c72942e9fc3fc728f2d7.js]
[flexiblog-personal.web.app/4c744e84-92a8df113b62d51b6584.js]
[flexiblog-personal.web.app/app-9d3350414e89bcbb1a73.js]
[flexiblog-personal.web.app/styles-89fd2ae28bdf06750a71.js]
[flexiblog-personal.web.app/5cffb636b26140f00d84c2606279b6e45a8c7fad-1256e95b45c6b074a52f.js]
[flexiblog-personal.web.app/c8d1367789ad508e06def6f11af11ec22f7862e6-b20befb780b7bc93cc53.js]
[flexiblog-personal.web.app/61a9c66cffb8d38b8bf09e5214111eb29e72c99b-095b92ea8d4a57533286.js]
[flexiblog-personal.web.app/component---packages-blog-core-src-templates-posts-js-2a91bb15b29cee21c4ec.js]
[flexiblog-personal.web.app/page-data/index/page-data.json]
[flexiblog-personal.web.app/static/d/1653432388.json]
[flexiblog-personal.web.app/static/d/2918496967.json]
[flexiblog-personal.web.app/static/d/4235339838.json]
[flexiblog-personal.web.app/static/d/4240507859.json]
[flexiblog-personal.web.app/static/d/618338068.json]
[flexiblog-personal.web.app/static/d/620128445.json]
[flexiblog-personal.web.app/page-data/app-data.json]
[flexiblog-personal.web.app/static/dbf964cd531042aaa41dd704879741f1/95f17/logo.png]
[flexiblog-personal.web.app/about/index.html]
[flexiblog-personal.web.app/contact/index.html]
[flexiblog-personal.web.app/static/memphis-b8f9c89c64b0fa18da29f0f89b42f71f.png]
[flexiblog-personal.web.app/static/41bc1caf29080d62bd156256ffb0cd6a/f87fb/hero.png]
[flexiblog-personal.web.app/static/90a14b9d2337e448de6a033b1c83c93b/8f7be/image.jpg]
[flexiblog-personal.web.app/markdown-language-sample-blog/index.html]
[flexiblog-personal.web.app/static/41bc1caf29080d62bd156256ffb0cd6a/97df7/jane-smith.png]
[flexiblog-personal.web.app/category/advertising/index.html]
[flexiblog-personal.web.app/author/jane-smith/index.html]
[flexiblog-personal.web.app/static/9c7ba411a547ca3314d874d779b9f462/8f7be/image.jpg]
[flexiblog-personal.web.app/a-marketers-guide-to-price-comparison-websites/index.html]
[flexiblog-personal.web.app/static/ae6079884611eb3916af3ad9702705a2/8f7be/image.jpg]
[flexiblog-personal.web.app/four-ways-to-unlock-the-true-power-of-tv-through-programmatic/index.html]
[flexiblog-personal.web.app/static/d26d38bc3b4f390d1fb445ded2771158/8f7be/image.jpg]
[flexiblog-personal.web.app/an-introduction-to-the-third-party-cookie-crackdown/index.html]
[flexiblog-personal.web.app/static/b9a0a4d6c7b242fc0a7c2483f9da7d08/8f7be/image.jpg]
[flexiblog-personal.web.app/getting-to-grips-with-digital-advertising-best-practice-guide/index.html]
[flexiblog-personal.web.app/the-consultancy-vs-agency-debate-its-all-about-effectiveness/index.html]
[flexiblog-personal.web.app/static/8d6037031b2aa1a9de00bb1c724d4c31/8f7be/image.jpg]
[flexiblog-personal.web.app/static/cf122026843732bb98a45911f3f55467/8f7be/image.jpg]
[flexiblog-personal.web.app/the-best-digital-marketing-stats-weve-seen-this-week/index.html]
[flexiblog-personal.web.app/static/bcfb9825410cf4e61df3de2674326634/8f7be/image.jpg]
[flexiblog-personal.web.app/the-power-of-native-advertising-for-travel-brands/index.html]
[flexiblog-personal.web.app/the-rise-of-programmatic-outdoor-what-advertisers-need-to-know/index.html]
[flexiblog-personal.web.app/static/c6d67d65b0f0ea9d83e2f7891da251cb/8f7be/image.jpg]
[flexiblog-personal.web.app/static/39850f9740ad8c5d4298a7c686ceb7b4/8f7be/image.jpg]
[flexiblog-personal.web.app/top-social-media-platforms-overview/index.html]
[flexiblog-personal.web.app/index.html]
[flexiblog-personal.web.app/polyfill-e80d4724bd145fb981a0.js]
[flexiblog-personal.web.app/styles.317ce706624391eb6cd8.css]
[flexiblog-personal.web.app/category/case-studies/index.html]
[flexiblog-personal.web.app/category/innovation/index.html]
[flexiblog-personal.web.app/component---packages-themes-gatsby-theme-flexiblog-personal-src-pages-about-jsx-d7221cbcc186f2681f57.js]
[flexiblog-personal.web.app/tag/agency/index.html]
[flexiblog-personal.web.app/tag/business/index.html]
[flexiblog-personal.web.app/tag/technology/index.html]
[flexiblog-personal.web.app/page-data/about/page-data.json]
[flexiblog-personal.web.app/tag/tutorial/index.html]
[flexiblog-personal.web.app/static/d/1584792191.json]
[flexiblog-personal.web.app/tag/innovation/index.html]
[flexiblog-personal.web.app/page/2/index.html]
[flexiblog-personal.web.app/about/index.html]
[flexiblog-personal.web.app/static/a29c55c76cd7c85245a453bbdac7e851/6467e/about.jpg]
[flexiblog-personal.web.app/component---packages-blog-pages-src-pages-contact-jsx-6723e894e00c9d5b032a.js]
[flexiblog-personal.web.app/page-data/contact/page-data.json]
[flexiblog-personal.web.app/contact/index.html]
[flexiblog-personal.web.app/component---packages-blog-core-src-templates-post-js-48dedd2511f7cdcf0424.js]
[flexiblog-personal.web.app/page-data/markdown-language-sample-blog/page-data.json]
[flexiblog-personal.web.app/static/90a14b9d2337e448de6a033b1c83c93b/a8483/image.jpg]
[flexiblog-personal.web.app/markdown-language-sample-blog/index.html]
[flexiblog-personal.web.app/static/627d2171ced285eeda8912f7e4623947/39ede/image-markdown.jpg]
[flexiblog-personal.web.app/component---packages-blog-core-src-templates-collection-category-js-ae5083f3daa1755b80fd.js]
[flexiblog-personal.web.app/page-data/category/advertising/page-data.json]
[flexiblog-personal.web.app/category/advertising/index.html]
[flexiblog-personal.web.app/component---packages-blog-core-src-templates-collection-author-js-b8e61c262f7df41df975.js]
[flexiblog-personal.web.app/category/advertising/page/2/index.html]
[flexiblog-personal.web.app/page-data/author/jane-smith/page-data.json]
[flexiblog-personal.web.app/author/jane-smith/index.html]
[flexiblog-personal.web.app/page-data/a-marketers-guide-to-price-comparison-websites/page-data.json]
[flexiblog-personal.web.app/author/jane-smith/page/2/index.html]
[flexiblog-personal.web.app/a-marketers-guide-to-price-comparison-websites/index.html]
[flexiblog-personal.web.app/static/9c7ba411a547ca3314d874d779b9f462/a8483/image.jpg]
[flexiblog-personal.web.app/page-data/four-ways-to-unlock-the-true-power-of-tv-through-programmatic/page-data.json]
[flexiblog-personal.web.app/four-ways-to-unlock-the-true-power-of-tv-through-programmatic/index.html]
[flexiblog-personal.web.app/static/ae6079884611eb3916af3ad9702705a2/a8483/image.jpg]
[flexiblog-personal.web.app/page-data/an-introduction-to-the-third-party-cookie-crackdown/page-data.json]
[flexiblog-personal.web.app/consultancy-saves-30percent-time-on-managing-daily-work/index.html]
[flexiblog-personal.web.app/an-introduction-to-the-third-party-cookie-crackdown/index.html]
[flexiblog-personal.web.app/static/d26d38bc3b4f390d1fb445ded2771158/a8483/image.jpg]
[flexiblog-personal.web.app/page-data/getting-to-grips-with-digital-advertising-best-practice-guide/page-data.json]
[flexiblog-personal.web.app/branding-agency-replaced-ten-tools-with-just-one/index.html]
[flexiblog-personal.web.app/getting-to-grips-with-digital-advertising-best-practice-guide/index.html]
[flexiblog-personal.web.app/static/b9a0a4d6c7b242fc0a7c2483f9da7d08/a8483/image.jpg]
[flexiblog-personal.web.app/page-data/the-consultancy-vs-agency-debate-its-all-about-effectiveness/page-data.json]
[flexiblog-personal.web.app/online-shopping-data-drives-offline-revenue-growth-of-410percent/index.html]
[flexiblog-personal.web.app/the-consultancy-vs-agency-debate-its-all-about-effectiveness/index.html]
[flexiblog-personal.web.app/static/8d6037031b2aa1a9de00bb1c724d4c31/a8483/image.jpg]
[flexiblog-personal.web.app/page-data/the-best-digital-marketing-stats-weve-seen-this-week/page-data.json]
[flexiblog-personal.web.app/the-best-digital-marketing-stats-weve-seen-this-week/index.html]
[flexiblog-personal.web.app/static/cf122026843732bb98a45911f3f55467/a8483/image.jpg]
[flexiblog-personal.web.app/page-data/the-power-of-native-advertising-for-travel-brands/page-data.json]
[flexiblog-personal.web.app/supermarket-chains-site-redesign-boosts-online-sales-and-market-share/index.html]
[flexiblog-personal.web.app/the-power-of-native-advertising-for-travel-brands/index.html]
[flexiblog-personal.web.app/static/bcfb9825410cf4e61df3de2674326634/a8483/image.jpg]
[flexiblog-personal.web.app/page-data/the-rise-of-programmatic-outdoor-what-advertisers-need-to-know/page-data.json]
[flexiblog-personal.web.app/the-rise-of-programmatic-outdoor-what-advertisers-need-to-know/index.html]
[flexiblog-personal.web.app/static/c6d67d65b0f0ea9d83e2f7891da251cb/a8483/image.jpg]
[flexiblog-personal.web.app/page-data/top-social-media-platforms-overview/page-data.json]
[flexiblog-personal.web.app/top-social-media-platforms-overview/index.html]
[flexiblog-personal.web.app/static/39850f9740ad8c5d4298a7c686ceb7b4/2ce54/image.jpg]
[flexiblog-personal.web.app/page-data/category/case-studies/page-data.json]
[flexiblog-personal.web.app/trigger-emails-boost-digital-revenue-by-91percent-for-furniture-retailer/index.html]
[flexiblog-personal.web.app/broadcaster-saves-hours-of-admin-with-innovative-digital-audio-solution/index.html]
[flexiblog-personal.web.app/static/788678319c3e4fb03f21e9cf13954fa7/8f7be/image.jpg]
[flexiblog-personal.web.app/static/7415bab1032f4058ce976272400c5e1b/8f7be/image.jpg]
[flexiblog-personal.web.app/static/3237856454f876cb2d2b13ad601b8a6e/8f7be/image.jpg]
[flexiblog-personal.web.app/charity-engages-1m-more-supporters-with-revamped-digital-presence/index.html]
[flexiblog-personal.web.app/static/02dc1d34fe76069bc126dc0902554548/8f7be/image.jpg]
[flexiblog-personal.web.app/static/931c98c2c83f7fd51b4308a1f1d93b00/8f7be/image.jpg]
[flexiblog-personal.web.app/static/cf8b5f317021327d5776d37f65892f72/8f7be/image.jpg]
[flexiblog-personal.web.app/category/case-studies/index.html]
[flexiblog-personal.web.app/page-data/category/innovation/page-data.json]
[flexiblog-personal.web.app/category/case-studies/page/2/index.html]
[flexiblog-personal.web.app/static/ba2457f09dca4e6a72821a35df140306/8f7be/image.jpg]
[flexiblog-personal.web.app/5-ingenious-innovations-triggered-by-chaos/index.html]
[flexiblog-personal.web.app/static/23a8236b35fdd6c4355a57c883756d11/8f7be/image.jpg]
[flexiblog-personal.web.app/business-model-pivots-in-the-low-touch-economy/index.html]
[flexiblog-personal.web.app/static/0bb8607485a755fe66caff690f2f6d4a/8f7be/image.jpg]
[flexiblog-personal.web.app/can-a-designer-sustainably-transform-the-world/index.html]
[flexiblog-personal.web.app/static/74269ea10046b4f4966c51570ce0cc8f/8f7be/image.jpg]
[flexiblog-personal.web.app/create-an-international-team-of-innovation-catalysts-in-5-steps/index.html]
[flexiblog-personal.web.app/static/00c31157d6959f04b9fe4a1ba422e079/8f7be/image.jpg]
[flexiblog-personal.web.app/future-proof-your-organization-with-biomimicry-thinking/index.html]
[flexiblog-personal.web.app/static/e33082b1c7d6d9369b53366d89f62d83/8f7be/image.jpg]
[flexiblog-personal.web.app/how-to-assess-your-companys-level-of-innovation/index.html]
[flexiblog-personal.web.app/category/innovation/index.html]
[flexiblog-personal.web.app/component---packages-blog-core-src-templates-collection-tag-js-d2f71f6d6174f37a12e6.js]
[flexiblog-personal.web.app/category/innovation/page/2/index.html]
[flexiblog-personal.web.app/page-data/tag/agency/page-data.json]
[flexiblog-personal.web.app/tag/agency/index.html]
[flexiblog-personal.web.app/page-data/tag/business/page-data.json]
[flexiblog-personal.web.app/tag/agency/page/2/index.html]
[flexiblog-personal.web.app/tag/business/index.html]
[flexiblog-personal.web.app/tag/business/page/2/index.html]
[flexiblog-personal.web.app/page-data/tag/technology/page-data.json]
[flexiblog-personal.web.app/tag/technology/index.html]
[flexiblog-personal.web.app/page-data/tag/tutorial/page-data.json]
[flexiblog-personal.web.app/tag/tutorial/index.html]
[flexiblog-personal.web.app/tag/technology/page/2/index.html]
[flexiblog-personal.web.app/page-data/tag/innovation/page-data.json]
[flexiblog-personal.web.app/tag/innovation/index.html]
[flexiblog-personal.web.app/page-data/page/2/page-data.json]
[flexiblog-personal.web.app/tag/innovation/page/2/index.html]
[flexiblog-personal.web.app/static/d50da1b73eaed20a719d02757e069d5a/8f7be/image.jpg]
[flexiblog-personal.web.app/what-is-reactive-marketing-and-which-brands-do-it-well/index.html]
[flexiblog-personal.web.app/static/8fd7dfc3732294b833b47a9d2434c231/8f7be/image.jpg]
[flexiblog-personal.web.app/static/a9e83c8c2578ff536b362c6c0b352e54/8f7be/image.jpg]
[flexiblog-personal.web.app/seo-and-content-campaign-delivers-2190percent-roi/index.html]
[flexiblog-personal.web.app/static/85a84328835c3552fa2d66cfac8205b8/8f7be/image.jpg]
[flexiblog-personal.web.app/university-boosts-alumni-engagement-with-nostalgic-playlist/index.html]
[flexiblog-personal.web.app/page/2/index.html]
[flexiblog-personal.web.app/markdown-language-sample-blog/'data_image/jpeg;base64,/9j/2wBDAAUDBAQEAwUEBAQFBQUGBwwIBwcHBw8LCwkMEQ8SEhE/2wBDAQUFBQcGBw4ICA4eFBEUHh4eHh4eHh4eHh4eHh4eHh4/wgARCAAPABQDASIAAhEBAxEB/8/Z'.37.delaye]
[flexiblog-personal.web.app/markdown-language-sample-blog/'data_image/jpeg;base64,/9j/2wBDAAUDBAQEAwUEBAQFBQUGBwwIBwcHBw8LCwkMEQ8SEhE/2wBDAQUFBQcGBw4ICA4eFBEUHh4eHh4eHh4eHh4eHh4eHh4/wgARCAAPABQDASIAAhEBAxEB/8/Z'.71.delaye]
[flexiblog-personal.web.app/page-data/category/advertising/page/2/page-data.json]
[flexiblog-personal.web.app/category/advertising/page/2/index.html]
[flexiblog-personal.web.app/page/3/index.html]
[flexiblog-personal.web.app/page-data/author/jane-smith/page/2/page-data.json]
[flexiblog-personal.web.app/author/jane-smith/page/2/index.html]
[flexiblog-personal.web.app/author/jane-smith/page/3/index.html]
[flexiblog-personal.web.app/page-data/consultancy-saves-30percent-time-on-managing-daily-work/page-data.json]
[flexiblog-personal.web.app/consultancy-saves-30percent-time-on-managing-daily-work/index.html]
[flexiblog-personal.web.app/static/02dc1d34fe76069bc126dc0902554548/a8483/image.jpg]
[flexiblog-personal.web.app/page-data/branding-agency-replaced-ten-tools-with-just-one/page-data.json]
[flexiblog-personal.web.app/branding-agency-replaced-ten-tools-with-just-one/index.html]
[flexiblog-personal.web.app/static/7415bab1032f4058ce976272400c5e1b/a8483/image.jpg]
[flexiblog-personal.web.app/page-data/online-shopping-data-drives-offline-revenue-growth-of-410percent/page-data.json]
[flexiblog-personal.web.app/online-shopping-data-drives-offline-revenue-growth-of-410percent/index.html]
[flexiblog-personal.web.app/static/8fd7dfc3732294b833b47a9d2434c231/a8483/image.jpg]
[flexiblog-personal.web.app/page-data/supermarket-chains-site-redesign-boosts-online-sales-and-market-share/page-data.json]
[flexiblog-personal.web.app/static/931c98c2c83f7fd51b4308a1f1d93b00/a8483/image.jpg]
[flexiblog-personal.web.app/supermarket-chains-site-redesign-boosts-online-sales-and-market-share/index.html]
[flexiblog-personal.web.app/page-data/trigger-emails-boost-digital-revenue-by-91percent-for-furniture-retailer/page-data.json]
[flexiblog-personal.web.app/trigger-emails-boost-digital-revenue-by-91percent-for-furniture-retailer/index.html]
[flexiblog-personal.web.app/static/cf8b5f317021327d5776d37f65892f72/a8483/image.jpg]
[flexiblog-personal.web.app/page-data/broadcaster-saves-hours-of-admin-with-innovative-digital-audio-solution/page-data.json]
[flexiblog-personal.web.app/broadcaster-saves-hours-of-admin-with-innovative-digital-audio-solution/index.html]
[flexiblog-personal.web.app/static/788678319c3e4fb03f21e9cf13954fa7/a8483/image.jpg]
[flexiblog-personal.web.app/page-data/charity-engages-1m-more-supporters-with-revamped-digital-presence/page-data.json]
[flexiblog-personal.web.app/static/3237856454f876cb2d2b13ad601b8a6e/a8483/image.jpg]
[flexiblog-personal.web.app/charity-engages-1m-more-supporters-with-revamped-digital-presence/index.html]
[flexiblog-personal.web.app/page-data/category/case-studies/page/2/page-data.json]
[flexiblog-personal.web.app/category/case-studies/page/2/index.html]
[flexiblog-personal.web.app/static/52d1fc7acfad39551744e434d7e83c71/8f7be/image.jpg]
[flexiblog-personal.web.app/web-design-companys-secret-to-not-losing-money-on-projects/index.html]
[flexiblog-personal.web.app/page-data/5-ingenious-innovations-triggered-by-chaos/page-data.json]
[flexiblog-personal.web.app/5-ingenious-innovations-triggered-by-chaos/index.html]
[flexiblog-personal.web.app/static/ba2457f09dca4e6a72821a35df140306/a8483/image.jpg]
[flexiblog-personal.web.app/50-social-impact-innovations-that-might-save-the-world/index.html]
[flexiblog-personal.web.app/page-data/business-model-pivots-in-the-low-touch-economy/page-data.json]
[flexiblog-personal.web.app/how-to-maintain-a-self-steering-culture-while-scaling-up/index.html]
[flexiblog-personal.web.app/business-model-pivots-in-the-low-touch-economy/index.html]
[flexiblog-personal.web.app/static/23a8236b35fdd6c4355a57c883756d11/a8483/image.jpg]
[flexiblog-personal.web.app/page-data/can-a-designer-sustainably-transform-the-world/page-data.json]
[flexiblog-personal.web.app/can-a-designer-sustainably-transform-the-world/index.html]
[flexiblog-personal.web.app/static/0bb8607485a755fe66caff690f2f6d4a/a8483/image.jpg]
[flexiblog-personal.web.app/page-data/create-an-international-team-of-innovation-catalysts-in-5-steps/page-data.json]
[flexiblog-personal.web.app/create-an-international-team-of-innovation-catalysts-in-5-steps/index.html]
[flexiblog-personal.web.app/static/74269ea10046b4f4966c51570ce0cc8f/a8483/image.jpg]
[flexiblog-personal.web.app/page-data/future-proof-your-organization-with-biomimicry-thinking/page-data.json]
[flexiblog-personal.web.app/static/00c31157d6959f04b9fe4a1ba422e079/a8483/image.jpg]
[flexiblog-personal.web.app/future-proof-your-organization-with-biomimicry-thinking/index.html]
[flexiblog-personal.web.app/page-data/how-to-assess-your-companys-level-of-innovation/page-data.json]
[flexiblog-personal.web.app/how-to-assess-your-companys-level-of-innovation/index.html]
[flexiblog-personal.web.app/static/e33082b1c7d6d9369b53366d89f62d83/a8483/image.jpg]
[flexiblog-personal.web.app/page-data/category/innovation/page/2/page-data.json]
[flexiblog-personal.web.app/static/22ec140d8c11417aed83f52c77c5a5e2/8f7be/image.jpg]
[flexiblog-personal.web.app/static/fdfa2791d293c7418594bcf37f554a74/8f7be/image.jpg]
[flexiblog-personal.web.app/how-to-test-whether-your-innovation-strategy-is-socially-responsible/index.html]
[flexiblog-personal.web.app/category/innovation/page/2/index.html]
[flexiblog-personal.web.app/static/3884ba103a7e1fa4b5e3a8b5079aba13/8f7be/image.jpg]
[flexiblog-personal.web.app/page-data/tag/agency/page/2/page-data.json]
[flexiblog-personal.web.app/tag/agency/page/2/index.html]
[flexiblog-personal.web.app/tag/agency/page/3/index.html]
[flexiblog-personal.web.app/page-data/tag/business/page/2/page-data.json]
[flexiblog-personal.web.app/tag/business/page/2/index.html]
[flexiblog-personal.web.app/page-data/tag/technology/page/2/page-data.json]
[flexiblog-personal.web.app/tag/business/page/3/index.html]
[flexiblog-personal.web.app/tag/technology/page/2/index.html]
[flexiblog-personal.web.app/page-data/tag/innovation/page/2/page-data.json]
[flexiblog-personal.web.app/tag/innovation/page/2/index.html]
[flexiblog-personal.web.app/tag/technology/page/3/index.html]
[flexiblog-personal.web.app/page-data/what-is-reactive-marketing-and-which-brands-do-it-well/page-data.json]
[flexiblog-personal.web.app/what-is-reactive-marketing-and-which-brands-do-it-well/index.html]
[flexiblog-personal.web.app/static/d50da1b73eaed20a719d02757e069d5a/a8483/image.jpg]
[flexiblog-personal.web.app/page-data/seo-and-content-campaign-delivers-2190percent-roi/page-data.json]
[flexiblog-personal.web.app/seo-and-content-campaign-delivers-2190percent-roi/index.html]
[flexiblog-personal.web.app/static/a9e83c8c2578ff536b362c6c0b352e54/a8483/image.jpg]
[flexiblog-personal.web.app/page-data/university-boosts-alumni-engagement-with-nostalgic-playlist/page-data.json]
[flexiblog-personal.web.app/university-boosts-alumni-engagement-with-nostalgic-playlist/index.html]
[flexiblog-personal.web.app/static/85a84328835c3552fa2d66cfac8205b8/a8483/image.jpg]
[flexiblog-personal.web.app/page/3/index.html]
[flexiblog-personal.web.app/markdown-language-sample-blog/'data_image/jpeg;base64,/9j/2wBDAAUDBAQEAwUEBAQFBQUGBwwIBwcHBw8LCwkMEQ8SEhE/2wBDAQUFBQcGBw4ICA4eFBEUHh4eHh4eHh4eHh4eHh4eHh4/wgARCAAPABQDASIAAhEBAxEB/8/Z'.71.delaye]
[flexiblog-personal.web.app/page-data/page/3/page-data.json]
[flexiblog-personal.web.app/page-data/author/jane-smith/page/3/page-data.json]
[flexiblog-personal.web.app/author/jane-smith/page/3/index.html]
[flexiblog-personal.web.app/author/jane-smith/page/4/index.html]
[flexiblog-personal.web.app/page-data/web-design-companys-secret-to-not-losing-money-on-projects/page-data.json]
[flexiblog-personal.web.app/web-design-companys-secret-to-not-losing-money-on-projects/index.html]
[flexiblog-personal.web.app/static/52d1fc7acfad39551744e434d7e83c71/a8483/image.jpg]
[flexiblog-personal.web.app/page-data/50-social-impact-innovations-that-might-save-the-world/page-data.json]
[flexiblog-personal.web.app/50-social-impact-innovations-that-might-save-the-world/index.html]
[flexiblog-personal.web.app/static/3884ba103a7e1fa4b5e3a8b5079aba13/a8483/image.jpg]
[flexiblog-personal.web.app/page-data/how-to-maintain-a-self-steering-culture-while-scaling-up/page-data.json]
[flexiblog-personal.web.app/how-to-maintain-a-self-steering-culture-while-scaling-up/index.html]
[flexiblog-personal.web.app/static/22ec140d8c11417aed83f52c77c5a5e2/a8483/image.jpg]
[flexiblog-personal.web.app/page-data/how-to-test-whether-your-innovation-strategy-is-socially-responsible/page-data.json]
[flexiblog-personal.web.app/how-to-test-whether-your-innovation-strategy-is-socially-responsible/index.html]
[flexiblog-personal.web.app/static/fdfa2791d293c7418594bcf37f554a74/a8483/image.jpg]
[flexiblog-personal.web.app/page-data/tag/agency/page/3/page-data.json]
[flexiblog-personal.web.app/tag/agency/page/3/index.html]
[flexiblog-personal.web.app/tag/agency/page/4/index.html]
[flexiblog-personal.web.app/page-data/tag/business/page/3/page-data.json]
[flexiblog-personal.web.app/tag/business/page/3/index.html]
[flexiblog-personal.web.app/page-data/tag/technology/page/3/page-data.json]
[flexiblog-personal.web.app/tag/business/page/4/index.html]
[flexiblog-personal.web.app/tag/technology/page/3/index.html]
[flexiblog-personal.web.app/page-data/author/jane-smith/page/4/page-data.json]
[flexiblog-personal.web.app/tag/technology/page/4/index.html]
[flexiblog-personal.web.app/author/jane-smith/page/4/index.html]
[flexiblog-personal.web.app/page-data/tag/agency/page/4/page-data.json]
[flexiblog-personal.web.app/tag/agency/page/4/index.html]
[flexiblog-personal.web.app/author/jane-smith/page/5/index.html]
[flexiblog-personal.web.app/page-data/tag/business/page/4/page-data.json]
[flexiblog-personal.web.app/tag/business/page/4/index.html]
[flexiblog-personal.web.app/page-data/tag/technology/page/4/page-data.json]
[flexiblog-personal.web.app/tag/technology/page/4/index.html]
[flexiblog-personal.web.app/tag/business/page/5/index.html]
[flexiblog-personal.web.app/page-data/author/jane-smith/page/5/page-data.json]
[flexiblog-personal.web.app/author/jane-smith/page/5/index.html]
[flexiblog-personal.web.app/page-data/tag/business/page/5/page-data.json]
[flexiblog-personal.web.app/tag/business/page/5/index.html]
